{
    "Forebrain - EPISEGMIX_DNATRAIN": {
        "content": [
            {
                "0": [
                    [
                        "Forebrain_16.5_2",
                        {
                            "id": "no_bam_counts"
                        },
                        [
                            
                        ],
                        {
                            "id": "Forebrain_16.5",
                            "replicate": 1,
                            "epigenetic_mark": "WGBS",
                            "modality": "WGBS",
                            "paired_end": true,
                            "distribution": "BI"
                        },
                        "Forebrain_16.5_WGBS_binnedbedcounts.bed:md5,e28a0ae617cff23a9d279e2d3ed0dc78",
                        2,
                        "Forebrain_16.5_2.yaml:md5,7c03fc9ea3cf3638d64b5cb12fbbe45b",
                        "Forebrain_16.5_2-train-counts.txt:md5,2352c71acc26b86afc220baa2b071ec7",
                        "Forebrain_16.5_2-train-regions.txt:md5,cfcd208495d565ef66e7dff9f98764da",
                        "dummy-train-counts-meth.txt:md5,d41d8cd98f00b204e9800998ecf8427e",
                        "final-model-Forebrain_16.5_2.json:md5,27db631b0d2a755ca71777392c26302e"
                    ]
                ],
                "1": [
                    [
                        "EPISEGMIX_DNATRAIN",
                        "episegmix",
                        "episegmix 1.0.0"
                    ]
                ],
                "json": [
                    [
                        "Forebrain_16.5_2",
                        {
                            "id": "no_bam_counts"
                        },
                        [
                            
                        ],
                        {
                            "id": "Forebrain_16.5",
                            "replicate": 1,
                            "epigenetic_mark": "WGBS",
                            "modality": "WGBS",
                            "paired_end": true,
                            "distribution": "BI"
                        },
                        "Forebrain_16.5_WGBS_binnedbedcounts.bed:md5,e28a0ae617cff23a9d279e2d3ed0dc78",
                        2,
                        "Forebrain_16.5_2.yaml:md5,7c03fc9ea3cf3638d64b5cb12fbbe45b",
                        "Forebrain_16.5_2-train-counts.txt:md5,2352c71acc26b86afc220baa2b071ec7",
                        "Forebrain_16.5_2-train-regions.txt:md5,cfcd208495d565ef66e7dff9f98764da",
                        "dummy-train-counts-meth.txt:md5,d41d8cd98f00b204e9800998ecf8427e",
                        "final-model-Forebrain_16.5_2.json:md5,27db631b0d2a755ca71777392c26302e"
                    ]
                ],
                "versions_episegmix": [
                    [
                        "EPISEGMIX_DNATRAIN",
                        "episegmix",
                        "episegmix 1.0.0"
                    ]
                ]
            },
            {
                "versions_episegmix": [
                    [
                        "EPISEGMIX_DNATRAIN",
                        "episegmix",
                        "episegmix 1.0.0"
                    ]
                ]
            }
        ],
        "timestamp": "2026-07-26T16:27:44.092089",
        "meta": {
            "nf-test": "0.9.5",
            "nextflow": "26.04.6"
        }
    },
    "Forebrain - EPISEGMIX_DNATRAIN - stub": {
        "content": [
            {
                "0": [
                    [
                        "Forebrain_16.5_2",
                        {
                            "id": "no_bam_counts"
                        },
                        [
                            
                        ],
                        {
                            "id": "Forebrain_16.5",
                            "replicate": 1,
                            "epigenetic_mark": "WGBS",
                            "modality": "WGBS",
                            "paired_end": true,
                            "distribution": "BI"
                        },
                        "Forebrain_16.5_WGBS_binnedbedcounts.bed:md5,e28a0ae617cff23a9d279e2d3ed0dc78",
                        2,
                        "Forebrain_16.5_2.yaml:md5,7c03fc9ea3cf3638d64b5cb12fbbe45b",
                        "Forebrain_16.5_2-train-counts.txt:md5,2352c71acc26b86afc220baa2b071ec7",
                        "Forebrain_16.5_2-train-regions.txt:md5,cfcd208495d565ef66e7dff9f98764da",
                        "dummy-train-counts-meth.txt:md5,d41d8cd98f00b204e9800998ecf8427e",
                        "final-Forebrain_16.5_2.json:md5,d41d8cd98f00b204e9800998ecf8427e"
                    ]
                ],
                "1": [
                    [
                        "EPISEGMIX_DNATRAIN",
                        "episegmix",
                        "episegmix 1.0.0"
                    ]
                ],
                "json": [
                    [
                        "Forebrain_16.5_2",
                        {
                            "id": "no_bam_counts"
                        },
                        [
                            
                        ],
                        {
                            "id": "Forebrain_16.5",
                            "replicate": 1,
                            "epigenetic_mark": "WGBS",
                            "modality": "WGBS",
                            "paired_end": true,
                            "distribution": "BI"
                        },
                        "Forebrain_16.5_WGBS_binnedbedcounts.bed:md5,e28a0ae617cff23a9d279e2d3ed0dc78",
                        2,
                        "Forebrain_16.5_2.yaml:md5,7c03fc9ea3cf3638d64b5cb12fbbe45b",
                        "Forebrain_16.5_2-train-counts.txt:md5,2352c71acc26b86afc220baa2b071ec7",
                        "Forebrain_16.5_2-train-regions.txt:md5,cfcd208495d565ef66e7dff9f98764da",
                        "dummy-train-counts-meth.txt:md5,d41d8cd98f00b204e9800998ecf8427e",
                        "final-Forebrain_16.5_2.json:md5,d41d8cd98f00b204e9800998ecf8427e"
                    ]
                ],
                "versions_episegmix": [
                    [
                        "EPISEGMIX_DNATRAIN",
                        "episegmix",
                        "episegmix 1.0.0"
                    ]
                ]
            }
        ],
        "timestamp": "2026-07-26T16:27:48.013311",
        "meta": {
            "nf-test": "0.9.5",
            "nextflow": "26.04.6"
        }
    }
}