{
    "Kidney - STRIPHEADER": {
        "content": [
            {
                "0": [
                    [
                        "kidney_P0",
                        "no_header_kidney_P0.bed:md5,dde053adb42fa943d7725f5c47dd7566"
                    ]
                ],
                "1": [
                    [
                        "CUSTOM_STRIPHEADER",
                        "tail",
                        "8.25"
                    ]
                ],
                "noheader": [
                    [
                        "kidney_P0",
                        "no_header_kidney_P0.bed:md5,dde053adb42fa943d7725f5c47dd7566"
                    ]
                ],
                "versions_tail": [
                    [
                        "CUSTOM_STRIPHEADER",
                        "tail",
                        "8.25"
                    ]
                ]
            },
            {
                "versions_tail": [
                    [
                        "CUSTOM_STRIPHEADER",
                        "tail",
                        "8.25"
                    ]
                ]
            }
        ],
        "timestamp": "2026-07-26T13:36:15.349087",
        "meta": {
            "nf-test": "0.9.5",
            "nextflow": "26.04.6"
        }
    },
    "Kidney - STRIPHEADER - stub": {
        "content": [
            {
                "0": [
                    [
                        "kidney_P0",
                        "no_header_kidney_P0.bed:md5,d41d8cd98f00b204e9800998ecf8427e"
                    ]
                ],
                "1": [
                    [
                        "CUSTOM_STRIPHEADER",
                        "tail",
                        "8.25"
                    ]
                ],
                "noheader": [
                    [
                        "kidney_P0",
                        "no_header_kidney_P0.bed:md5,d41d8cd98f00b204e9800998ecf8427e"
                    ]
                ],
                "versions_tail": [
                    [
                        "CUSTOM_STRIPHEADER",
                        "tail",
                        "8.25"
                    ]
                ]
            }
        ],
        "timestamp": "2026-07-26T13:36:19.160641",
        "meta": {
            "nf-test": "0.9.5",
            "nextflow": "26.04.6"
        }
    }
}