{
    "Kidney - SHEETBAM": {
        "content": [
            {
                "0": [
                    [
                        "kidney_P0",
                        [
                            {
                                "id": "kidney_P0",
                                "replicate": 1,
                                "epigenetic_mark": "H3K4me3",
                                "modality": "ChIP-seq",
                                "paired_end": false,
                                "distribution": "NBI"
                            }
                        ],
                        "kidney_P0.txt:md5,f8580bbda72d9afdc15dc04b96136a16",
                        "H3K4me3_mm10_kidney_chr12_reduced.nochr.bam:md5,a3c4827d444ddf2fa488a0611b86da8a"
                    ]
                ],
                "1": [
                    [
                        "CUSTOM_SHEETBAM",
                        "awk",
                        "4.1.3,"
                    ]
                ],
                "sheetbam": [
                    [
                        "kidney_P0",
                        [
                            {
                                "id": "kidney_P0",
                                "replicate": 1,
                                "epigenetic_mark": "H3K4me3",
                                "modality": "ChIP-seq",
                                "paired_end": false,
                                "distribution": "NBI"
                            }
                        ],
                        "kidney_P0.txt:md5,f8580bbda72d9afdc15dc04b96136a16",
                        "H3K4me3_mm10_kidney_chr12_reduced.nochr.bam:md5,a3c4827d444ddf2fa488a0611b86da8a"
                    ]
                ],
                "versions_awk": [
                    [
                        "CUSTOM_SHEETBAM",
                        "awk",
                        "4.1.3,"
                    ]
                ]
            },
            {
                "versions_awk": [
                    [
                        "CUSTOM_SHEETBAM",
                        "awk",
                        "4.1.3,"
                    ]
                ]
            }
        ],
        "timestamp": "2026-07-26T13:27:43.710015",
        "meta": {
            "nf-test": "0.9.5",
            "nextflow": "26.04.6"
        }
    },
    "Kidney - SHEETBAM - stub": {
        "content": [
            {
                "0": [
                    [
                        "kidney_P0",
                        [
                            {
                                "id": "kidney_P0",
                                "replicate": 1,
                                "epigenetic_mark": "H3K4me3",
                                "modality": "ChIP-seq",
                                "paired_end": false,
                                "distribution": "NBI"
                            }
                        ],
                        "kidney_P0.txt:md5,d41d8cd98f00b204e9800998ecf8427e",
                        "H3K4me3_mm10_kidney_chr12_reduced.nochr.bam:md5,a3c4827d444ddf2fa488a0611b86da8a"
                    ]
                ],
                "1": [
                    [
                        "CUSTOM_SHEETBAM",
                        "awk",
                        "4.1.3,"
                    ]
                ],
                "sheetbam": [
                    [
                        "kidney_P0",
                        [
                            {
                                "id": "kidney_P0",
                                "replicate": 1,
                                "epigenetic_mark": "H3K4me3",
                                "modality": "ChIP-seq",
                                "paired_end": false,
                                "distribution": "NBI"
                            }
                        ],
                        "kidney_P0.txt:md5,d41d8cd98f00b204e9800998ecf8427e",
                        "H3K4me3_mm10_kidney_chr12_reduced.nochr.bam:md5,a3c4827d444ddf2fa488a0611b86da8a"
                    ]
                ],
                "versions_awk": [
                    [
                        "CUSTOM_SHEETBAM",
                        "awk",
                        "4.1.3,"
                    ]
                ]
            }
        ],
        "timestamp": "2026-07-26T13:27:48.34824",
        "meta": {
            "nf-test": "0.9.5",
            "nextflow": "26.04.6"
        }
    }
}