{
    "mm10 - SORTREF": {
        "content": [
            {
                "0": [
                    [
                        "mm10",
                        "filtered_mm10.chrom.sizes.v2.v2:md5,fddb62269e2ac8b9bee182398518f75e"
                    ]
                ],
                "1": [
                    [
                        "CUSTOM_SORTREF",
                        "awk",
                        ""
                    ]
                ],
                "2": [
                    [
                        "CUSTOM_SORTREF",
                        "sort",
                        "sort (GNU coreutils) 8.32"
                    ]
                ],
                "filtered_chromsizes": [
                    [
                        "mm10",
                        "filtered_mm10.chrom.sizes.v2.v2:md5,fddb62269e2ac8b9bee182398518f75e"
                    ]
                ],
                "versions_awk": [
                    [
                        "CUSTOM_SORTREF",
                        "awk",
                        ""
                    ]
                ],
                "versions_sort": [
                    [
                        "CUSTOM_SORTREF",
                        "sort",
                        "sort (GNU coreutils) 8.32"
                    ]
                ]
            },
            {
                "versions_awk": [
                    [
                        "CUSTOM_SORTREF",
                        "awk",
                        ""
                    ]
                ],
                "versions_sort": [
                    [
                        "CUSTOM_SORTREF",
                        "sort",
                        "sort (GNU coreutils) 8.32"
                    ]
                ]
            }
        ],
        "timestamp": "2026-07-26T13:30:05.561236",
        "meta": {
            "nf-test": "0.9.5",
            "nextflow": "26.04.6"
        }
    },
    "mm10 - SORTREF - stub": {
        "content": [
            {
                "0": [
                    [
                        "mm10",
                        "filtered_mm10.chrom.sizes.v2.v2:md5,d41d8cd98f00b204e9800998ecf8427e"
                    ]
                ],
                "1": [
                    [
                        "CUSTOM_SORTREF",
                        "awk",
                        ""
                    ]
                ],
                "2": [
                    [
                        "CUSTOM_SORTREF",
                        "sort",
                        "sort (GNU coreutils) 8.32"
                    ]
                ],
                "filtered_chromsizes": [
                    [
                        "mm10",
                        "filtered_mm10.chrom.sizes.v2.v2:md5,d41d8cd98f00b204e9800998ecf8427e"
                    ]
                ],
                "versions_awk": [
                    [
                        "CUSTOM_SORTREF",
                        "awk",
                        ""
                    ]
                ],
                "versions_sort": [
                    [
                        "CUSTOM_SORTREF",
                        "sort",
                        "sort (GNU coreutils) 8.32"
                    ]
                ]
            }
        ],
        "timestamp": "2026-07-26T13:30:08.800026",
        "meta": {
            "nf-test": "0.9.5",
            "nextflow": "26.04.6"
        }
    }
}